// Jest Snapshot v1, https://goo.gl/fbAQLP

exports[`Home page matches snapshot 1`] = `
<DocumentFragment>
  <div
    class="bg-ecologi-brown w-100 px-12 min-h-screen font-body flex flex-col items-center"
  >
    <main
      class="pt-12 pb-24 max-w-full flex flex-col items-center"
    >
      <h1
        class="text-6xl text-center leading-tight m-0 mb-4"
      >
        Welcome to
        <img
          alt="Ecologi"
          class="inline h-24 ml-6 mr-5 pt-2"
          src="/ecologi-logo.svg"
        />
        Tree Stats!
      </h1>
      <h2
        class="text-2xl mb-10 text-center"
      >
        Here you can find our latest tree planting numbers.
      </h2>
      <div
        class="MuiOutlinedInput-root MuiInputBase-root MuiInputBase-colorPrimary MuiSelect-root self-end mb-8 css-9ddj71-MuiInputBase-root-MuiOutlinedInput-root"
      >
        <div
          aria-expanded="false"
          aria-haspopup="listbox"
          class="MuiSelect-select MuiSelect-outlined MuiOutlinedInput-input MuiInputBase-input css-11u53oe-MuiSelect-select-MuiInputBase-input-MuiOutlinedInput-input"
          role="button"
          tabindex="0"
        >
          all time
        </div>
        <input
          aria-hidden="true"
          class="MuiSelect-nativeInput css-yf8vq0-MuiSelect-nativeInput"
          tabindex="-1"
          value="all time"
        />
        <svg
          aria-hidden="true"
          class="MuiSvgIcon-root MuiSvgIcon-fontSizeMedium MuiSelect-icon MuiSelect-iconOutlined css-hfutr2-MuiSvgIcon-root-MuiSelect-icon"
          data-testid="ArrowDropDownIcon"
          focusable="false"
          viewBox="0 0 24 24"
        >
          <path
            d="M7 10l5 5 5-5z"
          />
        </svg>
        <fieldset
          aria-hidden="true"
          class="MuiOutlinedInput-notchedOutline css-1d3z3hw-MuiOutlinedInput-notchedOutline"
        >
          <legend
            class="css-173wfxe"
          >
            <span>
              Duration
            </span>
          </legend>
        </fieldset>
      </div>
      <div
        class="recharts-responsive-container"
        style="width: 100%; height: 300px;"
      />
      <p
        class="mt-8 text-gray-600 text-sm text-center"
      >
        (Some days exceed the graph's scale, for better overall legibility.)
      </p>
      <div
        class="w-full my-16 grid grid-cols-2 gap-4 md:gap-10"
      >
        <div
          class="flex flex-col justify-center text-center shadow-md border-1 border-gray-400 p-2 sm:p-6 md:p-8 rounded-md"
        >
          <p
            class="text-4xl md:text-5xl font-bold mb-2 md:mb-3"
          >
            49,249
          </p>
          <div
            class="flex justify-center"
          >
            <h3
              class="italic"
            >
              Total trees planted
            </h3>
          </div>
        </div>
        <div
          class="flex flex-col justify-center text-center shadow-md border-1 border-gray-400 p-2 sm:p-6 md:p-8 rounded-md"
        >
          <p
            class="text-4xl md:text-5xl font-bold mb-2 md:mb-3"
          >
            14,538
          </p>
          <div
            class="flex justify-center"
          >
            <h3
              class="italic"
            >
              Most trees planted in one day
            </h3>
          </div>
        </div>
        <div
          class="flex flex-col justify-center text-center shadow-md border-1 border-gray-400 p-2 sm:p-6 md:p-8 rounded-md"
        >
          <p
            class="text-4xl md:text-5xl font-bold mb-2 md:mb-3"
          >
            1,450
          </p>
          <div
            class="flex justify-center"
          >
            <h3
              class="italic"
            >
              Known species of cacti
              <span
                class="ml-1.5 not-italic"
              >
                ðŸŒµ
              </span>
            </h3>
          </div>
        </div>
        <div
          class="flex flex-col justify-center text-center shadow-md border-1 border-gray-400 p-2 sm:p-6 md:p-8 rounded-md"
        >
          <p
            class="text-4xl md:text-5xl font-bold mb-2 md:mb-3"
          >
            35,000
          </p>
          <div
            class="flex justify-center"
          >
            <h3
              class="italic"
            >
              Estimated population of mountain zebras
              <span
                class="ml-1.5 not-italic"
              >
                ðŸ¦“
              </span>
            </h3>
          </div>
        </div>
      </div>
      <h2
        class="italic text-2xl mb-10 text-center"
      >
        Trees planted per year:
      </h2>
      <div
        class="recharts-responsive-container"
        style="width: 100%; height: 350px;"
      />
    </main>
  </div>
</DocumentFragment>
`;
