// Jest Snapshot v1, https://goo.gl/fbAQLP

exports[`EcologiChart component matches snapshot 1`] = `
<DocumentFragment>
  <div
    class="recharts-responsive-container"
    style="width: 100%; height: 300px;"
  />
</DocumentFragment>
`;
